Copyright 1986-2022 Xilinx, Inc. All Rights Reserved.
---------------------------------------------------------------------------------------------------------------------------
| Tool Version : Vivado v.2022.2 (lin64) Build 3671981 Fri Oct 14 04:59:54 MDT 2022
| Date         : Wed Dec 11 16:08:40 2024
| Host         : ralab18.informatik.uni-stuttgart.de running 64-bit AlmaLinux release 8.10 (Cerulean Leopard)
| Command      : report_utilization -hierarchical -file system_utilization_placed_1.rpt -pb system_utilization_placed_1.pb
| Design       : system
| Device       : xc7s50csga324-1
| Speed File   : -1
| Design State : Fully Placed
---------------------------------------------------------------------------------------------------------------------------

Utilization Design Information

Table of Contents
-----------------
1. Utilization by Hierarchy

1. Utilization by Hierarchy
---------------------------

+-------------------------------------------------------------+-------------------------------------------+------------+------------+---------+------+------+--------+--------+------------+
|                           Instance                          |                   Module                  | Total LUTs | Logic LUTs | LUTRAMs | SRLs |  FFs | RAMB36 | RAMB18 | DSP Blocks |
+-------------------------------------------------------------+-------------------------------------------+------------+------------+---------+------+------+--------+--------+------------+
| system                                                      |                                     (top) |       5030 |       5013 |       0 |   17 | 2704 |     75 |      0 |          0 |
|   (system)                                                  |                                     (top) |         59 |         59 |       0 |    0 |    0 |      0 |      0 |          0 |
|   proc                                                      |                                      proc |       1499 |       1499 |       0 |    0 | 1093 |      0 |      0 |          0 |
|     (proc)                                                  |                                      proc |         79 |         79 |       0 |    0 |    0 |      0 |      0 |          0 |
|     IMM_GEN                                                 |                                   imm_gen |         38 |         38 |       0 |    0 |    0 |      0 |      0 |          0 |
|     alu                                                     |                                       alu |        564 |        564 |       0 |    0 |    0 |      0 |      0 |          0 |
|     alu_a_src_sel                                           |                             MUX_2x1_32__3 |         32 |         32 |       0 |    0 |    0 |      0 |      0 |          0 |
|     alu_b_src_sel                                           |                             MUX_2x1_32__4 |         16 |         16 |       0 |    0 |    0 |      0 |      0 |          0 |
|     ctrl                                                    |                                      ctrl |         11 |         11 |       0 |    0 |    4 |      0 |      0 |          0 |
|     instr_buffer                                            |                                REG_DRE_32 |          0 |          0 |       0 |    0 |   32 |      0 |      0 |          0 |
|     pc                                                      |                                        pc |        104 |        104 |       0 |    0 |   65 |      0 |      0 |          0 |
|     pc_d_src_sel                                            |                                MUX_2x1_32 |         16 |         16 |       0 |    0 |    0 |      0 |      0 |          0 |
|     regset                                                  |                                    regset |        607 |        607 |       0 |    0 |  992 |      0 |      0 |          0 |
|     regset_d2_src_sel                                       |                             MUX_2x1_32__2 |         16 |         16 |       0 |    0 |    0 |      0 |      0 |          0 |
|     regset_d_src_sel                                        |                             MUX_2x1_32__1 |         16 |         16 |       0 |    0 |    0 |      0 |      0 |          0 |
|   soc                                                       |                              edusoc_basic |       3473 |       3456 |       0 |   17 | 1611 |     75 |      0 |          0 |
|     (soc)                                                   |                              edusoc_basic |          6 |          6 |       0 |    0 |    0 |      0 |      0 |          0 |
|     soc                                                     |                                    edusoc |       3469 |       3452 |       0 |   17 | 1611 |     75 |      0 |          0 |
|       (soc)                                                 |                                    edusoc |         88 |         88 |       0 |    0 |    0 |      0 |      0 |          0 |
|       boot_rom                                              |                          soc_memory_block |         19 |         19 |       0 |    0 |   15 |      2 |      0 |          0 |
|         controller                                          |                     soc_memory_controller |         19 |         19 |       0 |    0 |   15 |      0 |      0 |          0 |
|         xpm_memory_spram_inst                               |                          xpm_memory_spram |          0 |          0 |       0 |    0 |    0 |      2 |      0 |          0 |
|           xpm_memory_base_inst                              |                           xpm_memory_base |          0 |          0 |       0 |    0 |    0 |      2 |      0 |          0 |
|       clk_rst_gen                                           |                           soc_clock_reset |         12 |         11 |       0 |    1 |   24 |      0 |      0 |          0 |
|         (clk_rst_gen)                                       |                           soc_clock_reset |          0 |          0 |       0 |    0 |    0 |      0 |      0 |          0 |
|         reset_gen                                           |                          proc_sys_reset_0 |         12 |         11 |       0 |    1 |   24 |      0 |      0 |          0 |
|           U0                                                |           proc_sys_reset_0_proc_sys_reset |         12 |         11 |       0 |    1 |   24 |      0 |      0 |          0 |
|             (U0)                                            |           proc_sys_reset_0_proc_sys_reset |          0 |          0 |       0 |    0 |    1 |      0 |      0 |          0 |
|             EXT_LPF                                         |                      proc_sys_reset_0_lpf |          3 |          2 |       0 |    1 |   11 |      0 |      0 |          0 |
|               (EXT_LPF)                                     |                      proc_sys_reset_0_lpf |          2 |          1 |       0 |    1 |    3 |      0 |      0 |          0 |
|               ACTIVE_HIGH_AUX.ACT_HI_AUX                    |                 proc_sys_reset_0_cdc_sync |          0 |          0 |       0 |    0 |    4 |      0 |      0 |          0 |
|               ACTIVE_LOW_EXT.ACT_LO_EXT                     |               proc_sys_reset_0_cdc_sync_0 |          1 |          1 |       0 |    0 |    4 |      0 |      0 |          0 |
|             SEQ                                             |             proc_sys_reset_0_sequence_psr |          9 |          9 |       0 |    0 |   12 |      0 |      0 |          0 |
|               (SEQ)                                         |             proc_sys_reset_0_sequence_psr |          4 |          4 |       0 |    0 |    6 |      0 |      0 |          0 |
|               SEQ_COUNTER                                   |                  proc_sys_reset_0_upcnt_n |          5 |          5 |       0 |    0 |    6 |      0 |      0 |          0 |
|       interconnect_i                                        |                          soc_interconnect |        663 |        663 |       0 |    0 |   28 |      0 |      0 |          0 |
|         (interconnect_i)                                    |                          soc_interconnect |        607 |        607 |       0 |    0 |    0 |      0 |      0 |          0 |
|         slave_gen[0].conflict_resolver                      |                     soc_rrprio_encoder__1 |          8 |          8 |       0 |    0 |    4 |      0 |      0 |          0 |
|         slave_gen[1].conflict_resolver                      |                     soc_rrprio_encoder__2 |          8 |          8 |       0 |    0 |    4 |      0 |      0 |          0 |
|         slave_gen[2].conflict_resolver                      |                     soc_rrprio_encoder__3 |          8 |          8 |       0 |    0 |    4 |      0 |      0 |          0 |
|         slave_gen[3].conflict_resolver                      |                     soc_rrprio_encoder__4 |          8 |          8 |       0 |    0 |    4 |      0 |      0 |          0 |
|         slave_gen[4].conflict_resolver                      |                     soc_rrprio_encoder__5 |          8 |          8 |       0 |    0 |    4 |      0 |      0 |          0 |
|         slave_gen[5].conflict_resolver                      |                     soc_rrprio_encoder__6 |          8 |          8 |       0 |    0 |    4 |      0 |      0 |          0 |
|         slave_gen[6].conflict_resolver                      |                        soc_rrprio_encoder |          8 |          8 |       0 |    0 |    4 |      0 |      0 |          0 |
|       peripherals                                           |                           soc_peripherals |       1578 |       1578 |       0 |    0 | 1077 |      0 |      0 |          0 |
|         control                                             |                               soc_control |        182 |        182 |       0 |    0 |  123 |      0 |      0 |          0 |
|           (control)                                         |                               soc_control |         89 |         89 |       0 |    0 |   52 |      0 |      0 |          0 |
|           int_ctl                                           |                  soc_interrupt_controller |          3 |          3 |       0 |    0 |    2 |      0 |      0 |          0 |
|           per_ctl                                           |                 soc_peripheral_controller |         90 |         90 |       0 |    0 |   69 |      0 |      0 |          0 |
|         gpio_i                                              |                                  soc_gpio |        436 |        436 |       0 |    0 |  263 |      0 |      0 |          0 |
|           (gpio_i)                                          |                                  soc_gpio |        346 |        346 |       0 |    0 |  194 |      0 |      0 |          0 |
|           per_ctl                                           | soc_peripheral_controller__parameterized0 |         90 |         90 |       0 |    0 |   69 |      0 |      0 |          0 |
|         pwm_i                                               |                                   soc_pwm |        660 |        660 |       0 |    0 |  483 |      0 |      0 |          0 |
|           (pwm_i)                                           |                                   soc_pwm |        570 |        570 |       0 |    0 |  414 |      0 |      0 |          0 |
|           per_ctl                                           | soc_peripheral_controller__parameterized2 |         90 |         90 |       0 |    0 |   69 |      0 |      0 |          0 |
|         timer                                               |                                 soc_timer |        301 |        301 |       0 |    0 |  208 |      0 |      0 |          0 |
|           (timer)                                           |                                 soc_timer |        211 |        211 |       0 |    0 |  139 |      0 |      0 |          0 |
|           per_ctl                                           | soc_peripheral_controller__parameterized1 |         90 |         90 |       0 |    0 |   69 |      0 |      0 |          0 |
|       ram                                                   |          soc_memory_block__parameterized0 |         38 |         22 |       0 |   16 |   56 |     16 |      0 |          0 |
|         controller                                          |     soc_memory_controller__parameterized0 |         22 |         22 |       0 |    0 |   24 |      0 |      0 |          0 |
|         xpm_memory_spram_inst                               |          xpm_memory_spram__parameterized0 |         16 |          0 |       0 |   16 |   32 |     16 |      0 |          0 |
|           xpm_memory_base_inst                              |           xpm_memory_base__parameterized0 |         16 |          0 |       0 |   16 |   32 |     16 |      0 |          0 |
|       uart_bridge                                           |                           soc_uart_bridge |        179 |        179 |       0 |    0 |  232 |      0 |      0 |          0 |
|         (uart_bridge)                                       |                           soc_uart_bridge |        128 |        128 |       0 |    0 |  136 |      0 |      0 |          0 |
|         crc_engine                                          |                                 soc_crc32 |         18 |         18 |       0 |    0 |   48 |      0 |      0 |          0 |
|         uart                                                |                                  soc_uart |         33 |         33 |       0 |    0 |   48 |      0 |      0 |          0 |
|       vid                                                   |                      soc_video_controller |        894 |        894 |       0 |    0 |  179 |     57 |      0 |          0 |
|         vga_controller                                      |                                   soc_vga |         25 |         25 |       0 |    0 |   42 |      0 |      0 |          0 |
|         vga_framebuffer                                     |                           soc_framebuffer |        869 |        869 |       0 |    0 |  137 |     57 |      0 |          0 |
|           a_controller                                      |     soc_memory_controller__parameterized1 |         24 |         24 |       0 |    0 |   22 |      0 |      0 |          0 |
|           xpm_memory_tdpram_inst                            |                         xpm_memory_tdpram |        845 |        845 |       0 |    0 |  115 |     57 |      0 |          0 |
|             xpm_memory_base_inst                            |           xpm_memory_base__parameterized1 |        845 |        845 |       0 |    0 |  115 |     57 |      0 |          0 |
|               (xpm_memory_base_inst)                        |           xpm_memory_base__parameterized1 |          0 |          0 |       0 |    0 |   96 |      0 |      0 |          0 |
|               gen_blk_box.gen_bb_async.xpm_memory_base_inst |                        asym_bwe_bb_bbox_0 |        845 |        845 |       0 |    0 |   19 |     57 |      0 |          0 |
+-------------------------------------------------------------+-------------------------------------------+------------+------------+---------+------+------+--------+--------+------------+
* Note: The sum of lower-level cells may be larger than their parent cells total, due to cross-hierarchy LUT combining


